<parsed-paper-replay display-id="AYE-ARE-4R3-W" file-path="/Livescribe/uploads/AYE-ARE-4R3-WB_Paper_Replay_Time_0.zip">
  <session-info-entries>
    <session-info-entry filename="userdata/AYE-ARE-4R3-WB/Paper Replay/86/0/sessions/PRS-13d3ccd9048/session.info"/>
    <session-info-entry filename="userdata/AYE-ARE-4R3-WB/Paper Replay/86/0/sessions/PRS-13c8dfcfdef/session.info"/>
    <session-info-entry filename="userdata/AYE-ARE-4R3-WB/Paper Replay/86/0/sessions/PRS-13c88e80a74/session.info"/>
    <session-info-entry filename="userdata/AYE-ARE-4R3-WB/Paper Replay/86/0/sessions/PRS-13c83aa3c0a/session.info"/>
    <session-info-entry filename="userdata/AYE-ARE-4R3-WB/Paper Replay/86/0/sessions/PRS-13c83675811/session.info"/>
    <session-info-entry filename="userdata/AYE-ARE-4R3-WB/Paper Replay/86/0/sessions/PRS-13c6efa549a/session.info"/>
    <session-info-entry filename="userdata/AYE-ARE-4R3-WB/Paper Replay/86/0/sessions/PRS-13c6ed205c7/session.info"/>
    <session-info-entry filename="userdata/AYE-ARE-4R3-WB/Paper Replay/86/0/sessions/PRS-13c6ecfa847/session.info"/>
    <session-info-entry filename="userdata/AYE-ARE-4R3-WB/Paper Replay/86/0/sessions/PRS-13c64845f7f/session.info"/>
    <session-info-entry filename="userdata/AYE-ARE-4R3-WB/Paper Replay/86/0/sessions/PRS-13c4ac03b5e/session.info"/>
    <session-info-entry filename="userdata/AYE-ARE-4R3-WB/Paper Replay/86/1a3d8e76d92a5747/sessions/PRS-13d3cd49f9a/session.info"/>
    <session-info-entry filename="userdata/AYE-ARE-4R3-WB/Paper Replay/86/1a3d8e76d92a5747/sessions/PRS-13d3cd4804e/session.info"/>
    <session-info-entry filename="userdata/AYE-ARE-4R3-WB/Paper Replay/86/1a3d8e76d92a5747/sessions/PRS-13d3cd4649d/session.info"/>
    <session-info-entry filename="userdata/AYE-ARE-4R3-WB/Paper Replay/86/1a3d8e76d92a5747/sessions/PRS-13d3cd4390d/session.info"/>
    <session-info-entry filename="userdata/AYE-ARE-4R3-WB/Paper Replay/86/1a3d8e76d92a5747/sessions/PRS-13d3cd3ea21/session.info"/>
    <session-info-entry filename="userdata/AYE-ARE-4R3-WB/Paper Replay/86/1a3d8e76d92a5747/sessions/PRS-13d3cd35492/session.info"/>
    <session-info-entry filename="userdata/AYE-ARE-4R3-WB/Paper Replay/86/1a3d8e76d92a5747/sessions/PRS-13d3cd22ba0/session.info"/>
    <session-info-entry filename="userdata/AYE-ARE-4R3-WB/Paper Replay/86/1a3d8e76d92a5747/sessions/PRS-13ccbbc34a2/session.info"/>
    <session-info-entry filename="userdata/AYE-ARE-4R3-WB/Paper Replay/86/1a3d8e76d92a5747/sessions/PRS-13cb74ae59b/session.info"/>
    <session-info-entry filename="userdata/AYE-ARE-4R3-WB/Paper Replay/86/1a3d8e76d92a5747/sessions/PRS-13cb71120cd/session.info"/>
    <session-info-entry filename="userdata/AYE-ARE-4R3-WB/Paper Replay/86/1a3d8e76d92a5747/sessions/PRS-13cb1cab5a4/session.info"/>
    <session-info-entry filename="userdata/AYE-ARE-4R3-WB/Paper Replay/86/1a3d8e76d92a5747/sessions/PRS-13cacfec136/session.info"/>
    <session-info-entry filename="userdata/AYE-ARE-4R3-WB/Paper Replay/86/1a3d8e76d92a5747/sessions/PRS-13ca7938019/session.info"/>
    <session-info-entry filename="userdata/AYE-ARE-4R3-WB/Paper Replay/86/1a3d8e76d92a5747/sessions/PRS-13c933e8860/session.info"/>
    <session-info-entry filename="userdata/AYE-ARE-4R3-WB/Paper Replay/86/1a3d8e76d92a5747/sessions/PRS-13c89160be6/session.info"/>
    <session-info-entry filename="userdata/AYE-ARE-4R3-WB/Paper Replay/86/1a3d8e76d92a5747/sessions/PRS-13c83b36cfc/session.info"/>
    <session-info-entry filename="userdata/AYE-ARE-4R3-WB/Paper Replay/86/1a3d8e76d92a5747/sessions/PRS-13c6f6be233/session.info"/>
    <session-info-entry filename="userdata/AYE-ARE-4R3-WB/Paper Replay/86/1a3d8e76d92a5747/sessions/PRS-13c6f30e463/session.info"/>
    <session-info-entry filename="userdata/AYE-ARE-4R3-WB/Paper Replay/86/1a3d8e76d92a5747/sessions/PRS-13c69a9d2c5/session.info"/>
    <session-info-entry filename="userdata/AYE-ARE-4R3-WB/Paper Replay/86/1a3d8e76d92a5747/sessions/PRS-13c649bb9e1/session.info"/>
    <session-info-entry filename="userdata/AYE-ARE-4R3-WB/Paper Replay/86/1a3d8e76d92a5747/sessions/PRS-13c4b5cac9e/session.info"/>
    <session-info-entry filename="userdata/AYE-ARE-4R3-WB/Paper Replay/86/1a3d8e76d92a5747/sessions/PRS-13c4b3eee4b/session.info"/>
    <session-info-entry filename="userdata/AYE-ARE-4R3-WB/Paper Replay/86/1a3d8e76d92a5747/sessions/PRS-13c4b01cfef/session.info"/>
    <session-info-entry filename="userdata/AYE-ARE-4R3-WB/Paper Replay/86/1a3d8e76d92a5747/sessions/PRS-13c4ad0c662/session.info"/>
    <session-info-entry filename="userdata/AYE-ARE-4R3-WB/Paper Replay/86/1a3d8e76d92a5747/sessions/PRS-13c459e3d5f/session.info"/>
    <session-info-entry filename="userdata/AYE-ARE-4R3-WB/Paper Replay/86/1a3d8e76d92a5747/sessions/PRS-13c40fada08/session.info"/>
    <session-info-entry filename="userdata/AYE-ARE-4R3-WB/Paper Replay/86/1a3d8e76d92a5747/sessions/PRS-13c407c8602/session.info"/>
    <session-info-entry filename="userdata/AYE-ARE-4R3-WB/Paper Replay/86/1a3d8e76d92a5747/sessions/PRS-13c3f433c62/session.info"/>
    <session-info-entry filename="userdata/AYE-ARE-4R3-WB/Paper Replay/86/1a3d8e76d92a5747/sessions/PRS-13c3f3ee342/session.info"/>
    <session-info-entry filename="userdata/AYE-ARE-4R3-WB/Paper Replay/86/1a3d8e76d92a5747/sessions/PRS-13c3f3c7005/session.info"/>
  </session-info-entries>
  <audio-file-entries>
    <audio-file-entry filename="userdata/AYE-ARE-4R3-WB/Paper Replay/86/0/sessions/PRS-13d3ccd9048/audio-0.aac"/>
    <audio-file-entry filename="userdata/AYE-ARE-4R3-WB/Paper Replay/86/0/sessions/PRS-13c8dfcfdef/audio-0.aac"/>
    <audio-file-entry filename="userdata/AYE-ARE-4R3-WB/Paper Replay/86/0/sessions/PRS-13c88e80a74/audio-0.aac"/>
    <audio-file-entry filename="userdata/AYE-ARE-4R3-WB/Paper Replay/86/0/sessions/PRS-13c83aa3c0a/audio-0.aac"/>
    <audio-file-entry filename="userdata/AYE-ARE-4R3-WB/Paper Replay/86/0/sessions/PRS-13c83675811/audio-0.aac"/>
    <audio-file-entry filename="userdata/AYE-ARE-4R3-WB/Paper Replay/86/0/sessions/PRS-13c6efa549a/audio-0.aac"/>
    <audio-file-entry filename="userdata/AYE-ARE-4R3-WB/Paper Replay/86/0/sessions/PRS-13c6efa549a/audio-1.aac"/>
    <audio-file-entry filename="userdata/AYE-ARE-4R3-WB/Paper Replay/86/0/sessions/PRS-13c6ed205c7/audio-0.aac"/>
    <audio-file-entry filename="userdata/AYE-ARE-4R3-WB/Paper Replay/86/0/sessions/PRS-13c6ecfa847/audio-0.aac"/>
    <audio-file-entry filename="userdata/AYE-ARE-4R3-WB/Paper Replay/86/0/sessions/PRS-13c64845f7f/audio-0.aac"/>
    <audio-file-entry filename="userdata/AYE-ARE-4R3-WB/Paper Replay/86/0/sessions/PRS-13c4ac03b5e/audio-0.aac"/>
    <audio-file-entry filename="userdata/AYE-ARE-4R3-WB/Paper Replay/86/1a3d8e76d92a5747/sessions/PRS-13d3cd49f9a/audio-0.aac"/>
    <audio-file-entry filename="userdata/AYE-ARE-4R3-WB/Paper Replay/86/1a3d8e76d92a5747/sessions/PRS-13d3cd4804e/audio-0.aac"/>
    <audio-file-entry filename="userdata/AYE-ARE-4R3-WB/Paper Replay/86/1a3d8e76d92a5747/sessions/PRS-13d3cd4649d/audio-0.aac"/>
    <audio-file-entry filename="userdata/AYE-ARE-4R3-WB/Paper Replay/86/1a3d8e76d92a5747/sessions/PRS-13d3cd4390d/audio-0.aac"/>
    <audio-file-entry filename="userdata/AYE-ARE-4R3-WB/Paper Replay/86/1a3d8e76d92a5747/sessions/PRS-13d3cd3ea21/audio-0.aac"/>
    <audio-file-entry filename="userdata/AYE-ARE-4R3-WB/Paper Replay/86/1a3d8e76d92a5747/sessions/PRS-13d3cd35492/audio-0.aac"/>
    <audio-file-entry filename="userdata/AYE-ARE-4R3-WB/Paper Replay/86/1a3d8e76d92a5747/sessions/PRS-13d3cd22ba0/audio-0.aac"/>
    <audio-file-entry filename="userdata/AYE-ARE-4R3-WB/Paper Replay/86/1a3d8e76d92a5747/sessions/PRS-13ccbbc34a2/audio-0.aac"/>
    <audio-file-entry filename="userdata/AYE-ARE-4R3-WB/Paper Replay/86/1a3d8e76d92a5747/sessions/PRS-13cb74ae59b/audio-0.aac"/>
    <audio-file-entry filename="userdata/AYE-ARE-4R3-WB/Paper Replay/86/1a3d8e76d92a5747/sessions/PRS-13cb71120cd/audio-0.aac"/>
    <audio-file-entry filename="userdata/AYE-ARE-4R3-WB/Paper Replay/86/1a3d8e76d92a5747/sessions/PRS-13cb1cab5a4/audio-0.aac"/>
    <audio-file-entry filename="userdata/AYE-ARE-4R3-WB/Paper Replay/86/1a3d8e76d92a5747/sessions/PRS-13cb1cab5a4/audio-1.aac"/>
    <audio-file-entry filename="userdata/AYE-ARE-4R3-WB/Paper Replay/86/1a3d8e76d92a5747/sessions/PRS-13cb1cab5a4/audio-2.aac"/>
    <audio-file-entry filename="userdata/AYE-ARE-4R3-WB/Paper Replay/86/1a3d8e76d92a5747/sessions/PRS-13cacfec136/audio-0.aac"/>
    <audio-file-entry filename="userdata/AYE-ARE-4R3-WB/Paper Replay/86/1a3d8e76d92a5747/sessions/PRS-13ca7938019/audio-0.aac"/>
    <audio-file-entry filename="userdata/AYE-ARE-4R3-WB/Paper Replay/86/1a3d8e76d92a5747/sessions/PRS-13ca7938019/audio-1.aac"/>
    <audio-file-entry filename="userdata/AYE-ARE-4R3-WB/Paper Replay/86/1a3d8e76d92a5747/sessions/PRS-13c933e8860/audio-0.aac"/>
    <audio-file-entry filename="userdata/AYE-ARE-4R3-WB/Paper Replay/86/1a3d8e76d92a5747/sessions/PRS-13c89160be6/audio-0.aac"/>
    <audio-file-entry filename="userdata/AYE-ARE-4R3-WB/Paper Replay/86/1a3d8e76d92a5747/sessions/PRS-13c83b36cfc/audio-0.aac"/>
    <audio-file-entry filename="userdata/AYE-ARE-4R3-WB/Paper Replay/86/1a3d8e76d92a5747/sessions/PRS-13c6f6be233/audio-0.aac"/>
    <audio-file-entry filename="userdata/AYE-ARE-4R3-WB/Paper Replay/86/1a3d8e76d92a5747/sessions/PRS-13c6f30e463/audio-0.aac"/>
    <audio-file-entry filename="userdata/AYE-ARE-4R3-WB/Paper Replay/86/1a3d8e76d92a5747/sessions/PRS-13c69a9d2c5/audio-0.aac"/>
    <audio-file-entry filename="userdata/AYE-ARE-4R3-WB/Paper Replay/86/1a3d8e76d92a5747/sessions/PRS-13c649bb9e1/audio-0.aac"/>
    <audio-file-entry filename="userdata/AYE-ARE-4R3-WB/Paper Replay/86/1a3d8e76d92a5747/sessions/PRS-13c649bb9e1/audio-1.aac"/>
    <audio-file-entry filename="userdata/AYE-ARE-4R3-WB/Paper Replay/86/1a3d8e76d92a5747/sessions/PRS-13c4b5cac9e/audio-0.aac"/>
    <audio-file-entry filename="userdata/AYE-ARE-4R3-WB/Paper Replay/86/1a3d8e76d92a5747/sessions/PRS-13c4b3eee4b/audio-0.aac"/>
    <audio-file-entry filename="userdata/AYE-ARE-4R3-WB/Paper Replay/86/1a3d8e76d92a5747/sessions/PRS-13c4b01cfef/audio-0.aac"/>
    <audio-file-entry filename="userdata/AYE-ARE-4R3-WB/Paper Replay/86/1a3d8e76d92a5747/sessions/PRS-13c4ad0c662/audio-0.aac"/>
    <audio-file-entry filename="userdata/AYE-ARE-4R3-WB/Paper Replay/86/1a3d8e76d92a5747/sessions/PRS-13c459e3d5f/audio-0.aac"/>
    <audio-file-entry filename="userdata/AYE-ARE-4R3-WB/Paper Replay/86/1a3d8e76d92a5747/sessions/PRS-13c40fada08/audio-0.aac"/>
    <audio-file-entry filename="userdata/AYE-ARE-4R3-WB/Paper Replay/86/1a3d8e76d92a5747/sessions/PRS-13c407c8602/audio-0.aac"/>
    <audio-file-entry filename="userdata/AYE-ARE-4R3-WB/Paper Replay/86/1a3d8e76d92a5747/sessions/PRS-13c407c8602/audio-1.aac"/>
    <audio-file-entry filename="userdata/AYE-ARE-4R3-WB/Paper Replay/86/1a3d8e76d92a5747/sessions/PRS-13c3f433c62/audio-0.aac"/>
    <audio-file-entry filename="userdata/AYE-ARE-4R3-WB/Paper Replay/86/1a3d8e76d92a5747/sessions/PRS-13c3f3ee342/audio-0.aac"/>
    <audio-file-entry filename="userdata/AYE-ARE-4R3-WB/Paper Replay/86/1a3d8e76d92a5747/sessions/PRS-13c3f3c7005/audio-0.aac"/>
  </audio-file-entries>
</parsed-paper-replay>
